../Core/Src/main.c:86:6:set_number	8	static
../Core/Src/main.c:231:6:display	24	static
../Core/Src/main.c:239:6:display_int	24	static
../Core/Src/main.c:248:6:HAL_TIM_PeriodElapsedCallback	24	static
../Core/Src/main.c:285:6:button_click	24	static
../Core/Src/main.c:310:6:HAL_GPIO_EXTI_Callback	16	static
../Core/Src/main.c:326:6:HAL_ADC_ConvCpltCallback	24	static
../Core/Src/main.c:344:5:__io_putchar	16	static
../Core/Src/main.c:356:5:main	16	static
../Core/Src/main.c:430:6:SystemClock_Config	88	static
../Core/Src/main.c:477:13:MX_ADC1_Init	24	static
../Core/Src/main.c:529:13:MX_TIM1_Init	32	static
../Core/Src/main.c:575:13:MX_TIM2_Init	32	static
../Core/Src/main.c:620:13:MX_TIM4_Init	32	static
../Core/Src/main.c:665:13:MX_USART2_UART_Init	8	static
../Core/Src/main.c:698:13:MX_GPIO_Init	48	static
../Core/Src/main.c:763:6:Error_Handler	4	static,ignoring_inline_asm
